// Jest Snapshot v1, https://goo.gl/fbAQLP

exports[`ImageCard with no data matches snapshot 1`] = `
<div
  className="column column-block text-center combo card"
  style={
    Object {
      "marginBottom": 0,
      "paddingBottom": "25px",
    }
  }
>
  <span
    className="species-icon"
    style={
      Object {
        "fontSize": "600%",
      }
    }
  >
    <img
      id="icon"
      src=""
    />
  </span>
</div>
`;
